============================================================
  DRL-VNS Training (learned adaptive shaking)
============================================================
  Ep    5/240 | n= 75 | gap= -4.12% | 15.6s
  Ep   10/240 | n= 75 | gap= -7.78% | 12.8s
  Ep   15/240 | n= 75 | gap=-13.40% | 11.7s
  Ep   20/240 | n= 75 | gap=-14.25% | 10.4s
  Ep   25/240 | n= 75 | gap= -5.54% | 10.2s
  Ep   30/240 | n= 75 | gap= -8.84% | valid= 13.89% | 10.5s | total 2.4min *** SAVED
  Ep   35/240 | n= 75 | gap=-10.75% | 10.2s
  Ep   40/240 | n= 75 | gap= -8.93% | 10.7s
  Ep   45/240 | n= 75 | gap=-12.40% | 9.4s
  Ep   50/240 | n= 75 | gap= -6.92% | 8.7s
  Ep   55/240 | n= 75 | gap=-13.07% | 12.0s
  Ep   60/240 | n= 75 | gap= -8.84% | valid= 13.49% | 11.2s | total 4.5min
  Ep   65/240 | n= 75 | gap=-12.39% | 11.7s
  Ep   70/240 | n= 75 | gap= -8.39% | 9.3s
  Ep   75/240 | n= 75 | gap= -6.37% | 16.5s
  Ep   80/240 | n= 75 | gap=-14.72% | 15.7s
  Ep   85/240 | n= 75 | gap= -6.07% | 16.0s
  Ep   90/240 | n= 75 | gap=-10.58% | valid= 13.63% | 12.4s | total 7.1min
  Ep   95/240 | n= 75 | gap= -8.90% | 17.0s
  Ep  100/240 | n= 75 | gap=-11.64% | 12.8s
  Ep  105/240 | n= 75 | gap=-11.51% | 13.7s
  Ep  110/240 | n= 75 | gap=-12.29% | 13.5s
  Ep  115/240 | n= 75 | gap=-14.07% | 12.4s
  Ep  120/240 | n= 75 | gap=-10.37% | valid= 13.59% | 15.1s | total 10.0min
  Ep  125/240 | n= 75 | gap= -9.46% | 13.7s
  Ep  130/240 | n= 75 | gap= -7.86% | 12.3s
  Ep  135/240 | n= 75 | gap=-11.14% | 13.5s
  Ep  140/240 | n= 75 | gap=-11.53% | 13.9s
  Ep  145/240 | n= 75 | gap= -7.97% | 13.8s
  Ep  150/240 | n= 75 | gap=-13.33% | valid= 13.53% | 11.2s | total 12.7min
  Ep  155/240 | n= 75 | gap=-11.23% | 12.2s
  Ep  160/240 | n= 75 | gap=-12.23% | 13.1s
  Ep  165/240 | n= 75 | gap=-10.32% | 14.2s
  Ep  170/240 | n= 75 | gap= -9.65% | 12.6s
  Ep  175/240 | n= 75 | gap=-10.13% | 13.8s
  Ep  180/240 | n= 75 | gap= -6.56% | valid= 13.32% | 13.4s | total 15.5min
  Ep  185/240 | n= 75 | gap=-10.30% | 12.8s
  Ep  190/240 | n= 75 | gap= -6.70% | 12.9s
  Ep  195/240 | n= 75 | gap=-11.69% | 10.7s
  Ep  200/240 | n= 75 | gap=-12.37% | 13.3s
  Ep  205/240 | n= 75 | gap=-13.27% | 13.8s
  Ep  210/240 | n= 75 | gap= -8.93% | valid= 13.15% | 13.3s | total 18.1min
  Ep  215/240 | n= 75 | gap= -6.75% | 14.8s
  Ep  220/240 | n= 75 | gap= -6.91% | 13.1s
  Ep  225/240 | n= 75 | gap=-10.13% | 12.3s
  Ep  230/240 | n= 75 | gap=-14.50% | 12.4s
  Ep  235/240 | n= 75 | gap= -8.81% | 12.4s
  Ep  240/240 | n= 75 | gap= -5.56% | valid= 13.51% | 12.9s | total 20.8min

  Done in 20.8 min. Best valid: 13.89%
