Loaded C:\Users\utente\OneDrive - Università degli Studi dell'Aquila\Desktop\Thesis to Paper Saudi\models\ppo_drl_alns_v4.pt
Loaded C:\Users\utente\OneDrive - Università degli Studi dell'Aquila\Desktop\Thesis to Paper Saudi\models\ppo_drl_vns.pt
done CSDVRP-S-n15-s0 (elig=4/15)
done CSDVRP-S-n15-s1 (elig=4/15)
done CSDVRP-S-n15-s2 (elig=4/15)
done CSDVRP-S-n15-s3 (elig=4/15)
done CSDVRP-S-n15-s4 (elig=4/15)
done CSDVRP-S-n15-s5 (elig=4/15)
done CSDVRP-S-n20-s0 (elig=5/20)
done CSDVRP-S-n20-s1 (elig=5/20)
done CSDVRP-S-n20-s2 (elig=5/20)
done CSDVRP-S-n20-s3 (elig=5/20)
done CSDVRP-S-n20-s4 (elig=5/20)
done CSDVRP-S-n20-s5 (elig=5/20)
done CSDVRP-M-n30-s0 (elig=8/30)
done CSDVRP-M-n30-s1 (elig=8/30)
done CSDVRP-M-n30-s2 (elig=8/30)
done CSDVRP-M-n30-s3 (elig=8/30)
done CSDVRP-M-n30-s4 (elig=8/30)
done CSDVRP-M-n30-s5 (elig=8/30)
done CSDVRP-M-n50-s0 (elig=12/50)
done CSDVRP-M-n50-s1 (elig=12/50)
done CSDVRP-M-n50-s2 (elig=12/50)
done CSDVRP-M-n50-s3 (elig=12/50)
done CSDVRP-M-n50-s4 (elig=12/50)
done CSDVRP-M-n50-s5 (elig=12/50)
done CSDVRP-L-n75-s0 (elig=19/75)
done CSDVRP-L-n75-s1 (elig=19/75)
done CSDVRP-L-n75-s2 (elig=19/75)
done CSDVRP-L-n75-s3 (elig=19/75)
done CSDVRP-L-n75-s4 (elig=19/75)
done CSDVRP-L-n75-s5 (elig=19/75)
done CSDVRP-L-n100-s0 (elig=25/100)
done CSDVRP-L-n100-s1 (elig=25/100)
done CSDVRP-L-n100-s2 (elig=25/100)
done CSDVRP-L-n100-s3 (elig=25/100)
done CSDVRP-L-n100-s4 (elig=25/100)
done CSDVRP-L-n100-s5 (elig=25/100)
done CSDVRP-XL-n150-s0 (elig=38/150)
done CSDVRP-XL-n150-s1 (elig=38/150)
done CSDVRP-XL-n150-s2 (elig=38/150)
done CSDVRP-XL-n150-s3 (elig=38/150)
done CSDVRP-XL-n150-s4 (elig=38/150)
done CSDVRP-XL-n150-s5 (elig=38/150)
Benchmark v4 complete -> C:\Users\utente\OneDrive - Università degli Studi dell'Aquila\Desktop\Thesis to Paper Saudi\results\results_v4.csv
