============================================================
  DRL-ALNS+ Training v4 (18 actions, strong RVND local search)
  episodes=240 imax_cap=800
============================================================
  Ep    5/240 | n= 50 | gap=-12.05% | 10.4s
  Ep   10/240 | n= 50 | gap= -9.46% | 9.6s
  Ep   15/240 | n= 50 | gap= -6.28% | 12.1s
  Ep   20/240 | n= 50 | gap= -9.22% | 10.4s
  Ep   25/240 | n= 50 | gap=-11.76% | 11.5s
  Ep   30/240 | n= 50 | gap= -8.59% | valid=  7.53% | 10.3s | total 2.2min *** SAVED
  Ep   35/240 | n= 50 | gap=-10.54% | 7.7s
  Ep   40/240 | n= 50 | gap= -7.66% | 9.5s
  Ep   45/240 | n= 50 | gap= -9.26% | 6.7s
  Ep   50/240 | n= 50 | gap=-12.31% | 6.9s
  Ep   55/240 | n= 50 | gap= -8.11% | 9.7s
  Ep   60/240 | n= 50 | gap= -8.03% | valid=  7.43% | 11.6s | total 4.2min
  Ep   65/240 | n= 50 | gap=-13.08% | 10.3s
  Ep   70/240 | n= 50 | gap=-10.50% | 7.5s
  Ep   75/240 | n= 50 | gap= -4.98% | 7.5s
  Ep   80/240 | n= 50 | gap=-10.75% | 8.7s
  Ep   85/240 | n= 50 | gap= -9.35% | 9.5s
  Ep   90/240 | n= 50 | gap= -6.26% | valid=  7.77% | 8.0s | total 6.2min *** SAVED
  Ep   95/240 | n= 50 | gap= -7.75% | 6.8s
  Ep  100/240 | n= 50 | gap=-11.84% | 8.5s
  Ep  105/240 | n= 50 | gap=-13.53% | 7.7s
  Ep  110/240 | n= 50 | gap=-10.72% | 12.4s
  Ep  115/240 | n= 50 | gap= -5.95% | 7.3s
  Ep  120/240 | n= 50 | gap=-10.39% | valid=  8.17% | 6.5s | total 8.2min *** SAVED
  Ep  125/240 | n= 50 | gap= -7.77% | 6.5s
  Ep  130/240 | n= 50 | gap=-10.37% | 7.8s
  Ep  135/240 | n= 50 | gap=-11.29% | 10.7s
  Ep  140/240 | n= 50 | gap= -5.72% | 8.8s
  Ep  145/240 | n= 50 | gap= -7.07% | 6.7s
  Ep  150/240 | n= 50 | gap=-11.78% | valid=  7.17% | 9.2s | total 10.1min
  Ep  155/240 | n= 50 | gap= -3.90% | 9.1s
  Ep  160/240 | n= 50 | gap= -8.25% | 9.0s
  Ep  165/240 | n= 50 | gap= -7.07% | 8.3s
  Ep  170/240 | n= 50 | gap=-12.64% | 9.4s
  Ep  175/240 | n= 50 | gap= -7.51% | 7.6s
  Ep  180/240 | n= 50 | gap= -6.90% | valid=  7.17% | 10.3s | total 12.1min
  Ep  185/240 | n= 50 | gap= -9.15% | 9.2s
  Ep  190/240 | n= 50 | gap=-11.59% | 8.7s
  Ep  195/240 | n= 50 | gap=-10.20% | 9.3s
  Ep  200/240 | n= 50 | gap= -5.95% | 9.5s
  Ep  205/240 | n= 50 | gap= -4.84% | 10.4s
  Ep  210/240 | n= 50 | gap= -8.26% | valid=  7.85% | 5.5s | total 14.0min
  Ep  215/240 | n= 50 | gap= -9.49% | 6.2s
  Ep  220/240 | n= 50 | gap= -4.77% | 7.7s
  Ep  225/240 | n= 50 | gap= -7.63% | 8.1s
  Ep  230/240 | n= 50 | gap= -7.98% | 10.2s
  Ep  235/240 | n= 50 | gap= -4.13% | 5.4s
  Ep  240/240 | n= 50 | gap= -6.89% | valid=  7.17% | 6.0s | total 15.8min

  Done in 15.8 min. Best valid: 8.17%
